# World-002 — a continuing world (RFC-L003; append-only)
e 0 21 500 1
e 3 21 400 1
e 6 22 400 1
e 9 21 500 1
s 11
s 11
e 12 21 400 1
e 15 22 400 1
e 18 21 500 1
e 21 21 300 1
e 24 22 300 1
e 27 21 500 1
e 30 23 500 1
s 39
s 39
e 52 11 500 1
e 54 11 300 1
e 59 12 300 1
e 62 11 500 1
e 65 11 100 1
e 68 12 100 1
e 72 11 500 1
e 73 11 100 1
e 74 11 500 1
e 76 11 400 1
e 96 12 400 1
e 103 12 400 1
e 120 11 500 1
e 126 11 500 1
e 127 11 400 1
s 155
s 155
e 172 11 500 1
e 179 11 100 1
e 186 12 100 1
e 193 12 100 1
e 201 11 500 1
e 204 11 400 1
e 207 12 400 1
e 223 12 400 1
e 231 11 200 1
e 237 11 500 1
e 240 11 100 1
e 244 12 100 1
e 249 11 500 1
e 257 11 100 1
e 260 12 100 1
e 262 11 500 1
e 265 11 300 1
e 267 12 300 1
e 270 12 300 1
e 274 11 500 1
e 277 11 200 1
e 288 13 200 1
e 290 13 200 1
e 293 13 200 1
e 295 13 200 1
e 297 11 500 1
e 300 11 300 1
e 303 12 300 1
e 307 11 500 1
e 310 11 100 1
e 315 12 100 1
e 317 11 500 1
e 321 11 100 1
e 325 11 500 1
e 327 11 400 1
e 330 12 400 1
e 333 12 400 1
e 335 12 400 1
e 336 11 500 1
e 339 11 100 1
e 346 12 100 1
e 350 12 100 1
e 352 12 100 1
e 371 11 500 1
e 379 11 100 1
e 382 11 500 1
e 384 11 400 1
e 386 12 400 1
e 389 12 400 1
e 396 11 500 1
e 399 11 300 1
e 402 12 300 1
e 405 11 500 1
e 407 11 200 1
e 414 11 500 1
s 428
s 428
s 480
s 480
s 533
s 533
s 548
