# World-001 — a continuing world (RFC-L003; append-only)
e 0 21 500 1
e 3 21 400 1
e 6 22 400 1
e 9 21 500 1
e 12 21 300 1
e 15 22 300 1
e 18 21 500 1
e 21 23 500 1
e 32 11 500 1
e 37 11 100 1
e 41 11 300 1
e 43 11 500 1
e 45 11 200 1
e 48 11 500 1
e 50 11 300 1
e 55 11 500 1
e 57 11 100 1
e 60 11 200 1
e 65 11 500 1
e 84 24 500 1
e 87 11 500 1
e 87 21 300 1
e 90 11 500 1
e 90 22 300 1
e 91 11 300 1
e 93 21 500 1
e 96 11 500 1
e 96 21 400 1
e 99 22 400 1
e 100 11 100 1
e 102 12 100 1
e 102 21 500 1
e 105 23 500 1
e 107 12 100 1
e 110 11 500 1
e 112 11 100 1
e 116 11 500 1
e 118 11 400 1
e 121 12 400 1
e 125 11 500 1
e 127 11 100 1
e 129 12 100 1
e 132 12 100 1
e 135 12 100 1
e 138 12 100 1
e 140 11 500 1
e 142 11 400 1
e 144 12 400 1
e 147 11 500 1
e 149 11 100 1
e 151 12 100 1
s 158
s 158
e 170 11 500 1
e 174 11 300 1
e 176 11 500 1
e 177 11 100 1
a 340
